CALLED get_ipv6s
CALLED get_meta ipv6-prefix 1
CALLED ip -6 route show table 10001
CALLED ip -6 route add default via fe80::4:3:2:1 dev eth1 table 10001
CALLED ip -6 rule list
CALLED ip -6 rule list from fd01:ffff:eeee:dddd:4:3:2:1 lookup 10001
CALLED ip -6 rule add from fd01:ffff:eeee:dddd:4:3:2:1 lookup 10001
