CALLED get_meta local-ipv4s
CALLED get_meta ipv4-prefix 1
CALLED logger --tag ec2net [rewrite_rules] Rewriting rules for eth1
CALLED ip -4 rule list
CALLED ip -4 rule add from 10.0.0.204 lookup 10001
CALLED get_meta local-ipv4s
CALLED logger --tag ec2net [remove_aliases] Removing aliases of eth1
CALLED ip -4 addr flush dev eth1 secondary
