CALLED logger --tag ec2net [remove_aliases] Removing aliases of eth2
CALLED ip -4 addr flush dev eth2 secondary
CALLED logger --tag ec2net [remove_rules] Removing rules for eth2
CALLED ip -4 rule list
CALLED ip -6 rule list
CALLED ip -6 rule delete pref 32719
CALLED ip -6 rule delete pref 32720
CALLED ip -6 rule delete pref 32765
