CALLED get_meta local-ipv4s
CALLED get_meta ipv4-prefix 1
CALLED logger --tag ec2net [rewrite_rules] Rewriting rules for eth2
CALLED ip -4 rule list
CALLED ip -4 rule add from 10.0.0.10 lookup 10002
CALLED ip -4 rule add from 192.168.0.0/24 lookup 10002
CALLED ip -4 rule add from 192.168.1.0/24 lookup 10002
CALLED get_meta local-ipv4s
CALLED logger --tag ec2net [remove_aliases] Removing aliases of eth2
CALLED ip -4 addr flush dev eth2 secondary
