CALLED get_ipv6s
CALLED get_meta ipv6-prefix 1
CALLED ip -6 route show table 10002
CALLED ip -6 route add default via fe80::4:3:2:1 dev eth2 table 10002
CALLED ip -6 rule list
CALLED ip -6 rule add from fd02:ffff:eeee:1:2:3:2:1 lookup 10002
